// Jest Snapshot v1, https://goo.gl/fbAQLP

exports[`Queries should response exist 1`] = `
Object {
  "data": Object {
    "probe": "exist",
  },
  "errors": undefined,
  "extensions": undefined,
  "http": Object {
    "headers": Headers {
      Symbol(map): Object {},
    },
  },
}
`;
